Modules list:
-------------
vortex.o:
    CODE              Offs = 000000   Size = 00065D
    RODATA            Offs = 000000   Size = 0000DE
    BSS               Offs = 000000   Size = 000007
    DATA              Offs = 000000   Size = 000000
    ZEROPAGE          Offs = 000000   Size = 000000
    NULL              Offs = 000000   Size = 000000
    STARTUP           Offs = 000000   Size = 00000E
ip65/ip65/ip65.lib(copymem.o):
    CODE              Offs = 00065D   Size = 000027
    RODATA            Offs = 0000DE   Size = 000000
    BSS               Offs = 000007   Size = 000001
    DATA              Offs = 000000   Size = 000000
    ZEROPAGE          Offs = 000000   Size = 000000
    NULL              Offs = 000000   Size = 000000
    IP65ZP            Offs = 000000   Size = 000004
ip65/ip65/ip65.lib(config.o):
    CODE              Offs = 000684   Size = 00001D
    RODATA            Offs = 0000DE   Size = 000000
    BSS               Offs = 000008   Size = 00001F
    DATA              Offs = 000000   Size = 000000
    ZEROPAGE          Offs = 000000   Size = 000000
    NULL              Offs = 000000   Size = 000000
    IP65_DEFAULTS     Offs = 000000   Size = 00001F
ip65/ip65/ip65.lib(timer.o):
    CODE              Offs = 0006A1   Size = 000018
    RODATA            Offs = 0000DE   Size = 000000
    BSS               Offs = 000027   Size = 000002
    DATA              Offs = 000000   Size = 000000
    ZEROPAGE          Offs = 000000   Size = 000000
    NULL              Offs = 000000   Size = 000000
ip65/ip65/ip65.lib(eth.o):
    CODE              Offs = 0006B9   Size = 000020
    RODATA            Offs = 0000DE   Size = 000000
    BSS               Offs = 000029   Size = 000BE0
    DATA              Offs = 000000   Size = 000000
    ZEROPAGE          Offs = 000000   Size = 000000
    NULL              Offs = 000000   Size = 000000
ip65/ip65/ip65.lib(arp.o):
    CODE              Offs = 0006D9   Size = 000202
    RODATA            Offs = 0000DE   Size = 000000
    BSS               Offs = 000C09   Size = 000066
    DATA              Offs = 000000   Size = 000000
    ZEROPAGE          Offs = 000000   Size = 000000
    NULL              Offs = 000000   Size = 000000
    IP65ZP            Offs = 000004   Size = 000002
ip65/ip65/ip65.lib(ip65.o):
    CODE              Offs = 0008DB   Size = 00005D
    RODATA            Offs = 0000DE   Size = 000000
    BSS               Offs = 000C6F   Size = 000004
    DATA              Offs = 000000   Size = 000000
    ZEROPAGE          Offs = 000000   Size = 000000
    NULL              Offs = 000000   Size = 000000
ip65/ip65/ip65.lib(dhcp.o):
    CODE              Offs = 000938   Size = 00028A
    RODATA            Offs = 0000DE   Size = 000000
    BSS               Offs = 000C73   Size = 000005
    DATA              Offs = 000000   Size = 000000
    ZEROPAGE          Offs = 000000   Size = 000000
    NULL              Offs = 000000   Size = 000000
ip65/ip65/ip65.lib(output_buffer.o):
    CODE              Offs = 000BC2   Size = 000000
    RODATA            Offs = 0000DE   Size = 000000
    BSS               Offs = 000C78   Size = 000208
    DATA              Offs = 000000   Size = 000000
    ZEROPAGE          Offs = 000000   Size = 000000
    NULL              Offs = 000000   Size = 000000
ip65/ip65/ip65.lib(tftp.o):
    CODE              Offs = 000BC2   Size = 00038E
    RODATA            Offs = 0000DE   Size = 000006
    BSS               Offs = 000E80   Size = 000020
    DATA              Offs = 000000   Size = 000004
    ZEROPAGE          Offs = 000000   Size = 000000
    NULL              Offs = 000000   Size = 000000
    IP65ZP            Offs = 000006   Size = 000002
ip65/ip65/ip65.lib(ip.o):
    CODE              Offs = 000F50   Size = 0001FF
    RODATA            Offs = 0000E4   Size = 000000
    BSS               Offs = 000EA0   Size = 00000C
    DATA              Offs = 000004   Size = 000000
    ZEROPAGE          Offs = 000000   Size = 000000
    NULL              Offs = 000000   Size = 000000
    IP65ZP            Offs = 000008   Size = 000002
ip65/ip65/ip65.lib(icmp.o):
    CODE              Offs = 00114F   Size = 000230
    RODATA            Offs = 0000E4   Size = 000000
    BSS               Offs = 000EAC   Size = 000009
    DATA              Offs = 000004   Size = 000003
    ZEROPAGE          Offs = 000000   Size = 000000
    NULL              Offs = 000000   Size = 000000
    TCP_VARS          Offs = 000000   Size = 000008
ip65/ip65/ip65.lib(udp.o):
    CODE              Offs = 00137F   Size = 000177
    RODATA            Offs = 0000E4   Size = 000000
    BSS               Offs = 000EB5   Size = 00001F
    DATA              Offs = 000007   Size = 000003
    ZEROPAGE          Offs = 000000   Size = 000000
    NULL              Offs = 000000   Size = 000000
ip65/drivers/c64rrnet.lib(c64print.o):
    CODE              Offs = 0014F6   Size = 000058
    RODATA            Offs = 0000E4   Size = 000000
    BSS               Offs = 000ED4   Size = 000001
    DATA              Offs = 00000A   Size = 000000
    ZEROPAGE          Offs = 000000   Size = 000000
    NULL              Offs = 000000   Size = 000000
ip65/drivers/c64rrnet.lib(rr-net.o):
    CODE              Offs = 00154E   Size = 000009
    RODATA            Offs = 0000E4   Size = 000009
    BSS               Offs = 000ED5   Size = 000000
    DATA              Offs = 00000A   Size = 000000
    ZEROPAGE          Offs = 000000   Size = 000000
    NULL              Offs = 000000   Size = 000000
ip65/drivers/c64rrnet.lib(c64timer.o):
    CODE              Offs = 001557   Size = 00003F
    RODATA            Offs = 0000ED   Size = 000000
    BSS               Offs = 000ED5   Size = 000000
    DATA              Offs = 00000A   Size = 000000
    ZEROPAGE          Offs = 000000   Size = 000000
    NULL              Offs = 000000   Size = 000000
ip65/drivers/c64rrnet.lib(c64inputs.o):
    CODE              Offs = 001596   Size = 0000DA
    RODATA            Offs = 0000ED   Size = 000000
    BSS               Offs = 000ED5   Size = 00002D
    DATA              Offs = 00000A   Size = 000000
    ZEROPAGE          Offs = 000000   Size = 000000
    NULL              Offs = 000000   Size = 000000
ip65/drivers/c64rrnet.lib(petscii_charconv.o):
    CODE              Offs = 001670   Size = 00000A
    RODATA            Offs = 0000ED   Size = 000200
    BSS               Offs = 000F02   Size = 000000
    DATA              Offs = 00000A   Size = 000000
    ZEROPAGE          Offs = 000000   Size = 000000
    NULL              Offs = 000000   Size = 000000
ip65/drivers/c64rrnet.lib(cs8900a.o):
    CODE              Offs = 00167A   Size = 000151
    RODATA            Offs = 0002ED   Size = 000000
    BSS               Offs = 000F02   Size = 000000
    DATA              Offs = 00000A   Size = 000000
    ZEROPAGE          Offs = 000000   Size = 000000
    NULL              Offs = 000000   Size = 000000
    IP65ZP            Offs = 00000A   Size = 000002


Segment list:
-------------
Name                  Start   End     Size
--------------------------------------------
NULL                  000000  000000  000000
ZEROPAGE              000002  000002  000000
IP65ZP                00005F  00006A  00000C
STARTUP               0007FF  00080C  00000E
CODE                  00080D  001FD7  0017CB
DATA                  001FD8  001FE1  00000A
RODATA                001FE2  0022CE  0002ED
IP65_DEFAULTS         0022CF  0022ED  00001F
BSS                   0022EE  0031EF  000F02
TCP_VARS              0031F0  0031F7  000008


Exports list:
-------------
__CODE_LOAD__             00080D  LA    __CODE_RUN__              00080D  LA    
__CODE_SIZE__             0017CB  EA    __DATA_LOAD__             001FD8  LA    
__DATA_RUN__              001FD8  LA    __DATA_SIZE__             00000A  EA    
__IP65_DEFAULTS_LOAD__    0022CF  LA    __IP65_DEFAULTS_RUN__     0022CF  LA    
__IP65_DEFAULTS_SIZE__    00001F  EA    __RODATA_LOAD__           001FE2  LA    
__RODATA_RUN__            001FE2  LA    __RODATA_SIZE__           0002ED  EA    
__STARTUP_LOAD__          0007FF  LA    __STARTUP_RUN__           0007FF  LA    
__STARTUP_SIZE__          00000E  EA    ac_size                   000008  EZ    
arp_add                   001072  LA    arp_cache                 002F02  LA    
arp_calculate_gateway_mask 000EF0 RLA    arp_init                  000EE6 RLA    
arp_ip                    002EFE RLA    arp_lookup                000F15 RLA    
arp_mac                   002EF8 RLA    arp_process               000FF4 RLA    
ascii_to_native           001E82 RLA    beep                      001D0D  LA    
cfg_default_drive         002314  LA    cfg_dns                   002308 RLA    
cfg_gateway               002304 RLA    cfg_get_configuration_ptr 000E91 RLA    
cfg_init                  000E97 RLA    cfg_ip                    0022FC RLA    
cfg_mac                   0022F6 RLA    cfg_mac_default           0022CF  LA    
cfg_netmask               002300 RLA    cfg_size                  000020  EA    
cfg_tftp_server           002310 RLA    check_for_abort_key       001DB2 RLA    
cls                       001D08  LA    copy_dest                 000061 RLZ    
copy_src                  00005F RLZ    copymem                   000E6A RLA    
cs_init                   001D5B RLA    cs_packet_data            00DE04 REA    
cs_packet_page            00DE02 REA    cs_rxtx_data              00DE08 REA    
cs_tx_cmd                 00DE0C REA    cs_tx_len                 00DE0E REA    
dhcp_init                 001145 RLA    dhcp_msg                  00206A  LA    
dhcp_server               00230C RLA    dhcp_state                002F61  LA    
dns_server_msg            00203D  LA    eth_data                  00000E REZ    
eth_dest                  000000 REZ    eth_driver_io_base        0020CD RLA    
eth_driver_name           0020C6 RLA    eth_init                  001E87 RLA    
eth_inp                   002319 RLA    eth_inp_len               002317 RLA    
eth_outp                  002909 RLA    eth_outp_len              002907 RLA    
eth_proto_arp             000006 REZ    eth_proto_ip              000000 REZ    
eth_rx                    001EE0 RLA    eth_set_broadcast_dest    000EC6 RLA    
eth_set_my_mac_src        000ED1 RLA    eth_set_proto             000EDD RLA    
eth_src                   000006 REZ    eth_tx                    001F41 RLA    
eth_type                  00000C  EZ    failed_msg                00207E  LA    
filter_dns                001E56  LA    filter_ip                 001E71  LA    
filter_number             001E72  LA    filter_text               001E47  LA    
filter_url                001E4F  LA    gateway_msg               00202E  LA    
get_filtered_input        001DC7  LA    get_key                   001DA3  LA    
get_key_if_available      00F142  EA    get_key_ip65              001DA9  LA    
icmp_add_listener         001A08  LA    icmp_callback             00319A  LA    
icmp_cksum                000002  EZ    icmp_code                 000001  EZ    
icmp_data                 000004  EZ    icmp_echo_ip              0031F0  LA    
icmp_init                 00195C RLA    icmp_inp                  00233B  EA    
icmp_outp                 00292B  EA    icmp_ping                 001AD9  LA    
icmp_process              001962 RLA    icmp_remove_listener      001A34  LA    
icmp_send_echo            001A69  LA    icmp_type                 000000  EZ    
init_msg                  00206F  LA    ip65_ctr                  002F5D  LA    
ip65_ctr_arp              002F5E  LA    ip65_ctr_ip               002F5F  LA    
ip65_error                002F60 RLA    ip65_init                 00110A RLA    
ip65_process              001123 RLA    ip65_random_word          0010E8  LA    
ip_address_msg            002010  LA    ip_broadcast              003192 RLA    
ip_calc_cksum             0018B8 RLA    ip_cksum_ptr              000067 RLZ    
ip_create_packet          001824 RLA    ip_data                   000014 REZ    
ip_dest                   000010 REZ    ip_frag                   000006  EZ    
ip_header_cksum           00000A REZ    ip_id                     000004 REZ    
ip_init                   00175D RLA    ip_inp                    002327 REA    
ip_len                    000002 REZ    ip_outp                   002917 REA    
ip_process                001772 RLA    ip_proto                  000009 REZ    
ip_proto_icmp             000001 REZ    ip_proto_tcp              000006  EZ    
ip_proto_udp              000011 REZ    ip_send                   001851 RLA    
ip_src                    00000C REZ    ip_tos                    000001  EZ    
ip_ttl                    000008  EZ    ip_ver_ihl                000000  EZ    
mac_address_msg           002001  LA    native_to_ascii           001E7D  LA    
netmask_msg               00201F  LA    ok_msg                    002085  LA    
output_buffer             002F66 RLA    press_a_key_to_continue   0020A7  LA    
print                     0008A9  LA    print_a                   00FFD2 REA    
print_a_inverse           001D4C  LA    print_ascii_as_native     0008BF  LA    
print_cr                  001D03 RLA    print_dotted_quad         0008D8  LA    
print_errorcode           0009A5  LA    print_hex                 00098C  LA    
print_integer             000915  LA    print_ip_config           00080D  LA    
screen_current_col        0000D3  EZ    screen_current_row        0000D6  EZ    
tftp_callback_vector      001FD8  LA    tftp_clear_callbacks      001751 RLA    
tftp_data_block_length    003175  LA    tftp_download             0013F1 RLA    
tftp_filename             000065 RLZ    tftp_filesize             00318A  LA    
tftp_ip                   003171 RLA    tftp_load_address         00316F RLA    
tftp_server_msg           00205B  LA    tftp_set_callback_vector  001747 RLA    
tftp_upload               0013EA  LA    tftp_upload_from_memory   0013CF  LA    
timer_init                001D64 RLA    timer_read                001D97 RLA    
timer_seconds             001D93  LA    timer_timeout             000EAE RLA    
udp_add_listener          001BBF RLA    udp_callback              0031A3 RLA    
udp_cksum                 000006  EZ    udp_data                  000008 REZ    
udp_dest_port             000002  EZ    udp_init                  001B8C RLA    
udp_inp                   00233B REA    udp_len                   000004  EZ    
udp_outp                  00292B  EA    udp_process               001B92 RLA    
udp_remove_listener       001C06 RLA    udp_send                  001C52 RLA    
udp_send_dest             0031A5 RLA    udp_send_dest_port        0031AB RLA    
udp_send_len              0031AD RLA    udp_send_src_port         0031A9 RLA    
udp_src_port              000000 REZ    


Imports list:
-------------
__CODE_LOAD__ ([linker generated]):
__CODE_RUN__ ([linker generated]):
__CODE_SIZE__ ([linker generated]):
__DATA_LOAD__ ([linker generated]):
__DATA_RUN__ ([linker generated]):
__DATA_SIZE__ ([linker generated]):
__IP65_DEFAULTS_LOAD__ ([linker generated]):
__IP65_DEFAULTS_RUN__ ([linker generated]):
__IP65_DEFAULTS_SIZE__ ([linker generated]):
__RODATA_LOAD__ ([linker generated]):
__RODATA_RUN__ ([linker generated]):
__RODATA_SIZE__ ([linker generated]):
__STARTUP_LOAD__ ([linker generated]):
__STARTUP_RUN__ ([linker generated]):
__STARTUP_SIZE__ ([linker generated]):
ac_size (arp.o):
arp_add (arp.o):
arp_cache (arp.o):
arp_calculate_gateway_mask (arp.o):
    dhcp.o                    dhcp.s(29)
arp_init (arp.o):
    ip65.o                    ip65.s(23)
arp_ip (arp.o):
    ip.o                      ip.s(48)
arp_lookup (arp.o):
    ip.o                      ip.s(46)
arp_mac (arp.o):
    ip.o                      ip.s(47)
arp_process (arp.o):
    ip65.o                    ip65.s(32)
ascii_to_native (petscii_charconv.o):
    vortex.o                  ip65/inc/commonprint.i(32)
beep (c64print.o):
cfg_default_drive (config.o):
cfg_dns (config.o):
    dhcp.o                    dhcp.s(27)
cfg_gateway (config.o):
    arp.o                     arp.s(28)
    dhcp.o                    dhcp.s(26)
cfg_get_configuration_ptr (config.o):
    vortex.o                  ip65/inc/commonprint.i(102)
cfg_init (config.o):
    ip65.o                    ip65.s(19)
cfg_ip (config.o):
    arp.o                     arp.s(26)
    udp.o                     udp.s(54)
    ip.o                      ip.s(30)
    dhcp.o                    dhcp.s(24)
cfg_mac (config.o):
    cs8900a.o                 cs8900a.s(35)
    arp.o                     arp.s(25)
    eth.o                     eth.s(21)
    ip.o                      ip.s(29)
    dhcp.o                    dhcp.s(23)
cfg_mac_default (config.o):
cfg_netmask (config.o):
    arp.o                     arp.s(27)
    dhcp.o                    dhcp.s(25)
cfg_size (config.o):
cfg_tftp_server (config.o):
    vortex.o                  ip65/inc/commonprint.i(38)
check_for_abort_key (c64inputs.o):
    tftp.o                    tftp.s(34)
    dhcp.o                    dhcp.s(49)
cls (c64print.o):
copy_dest (copymem.o):
    udp.o                     udp.s(52)
    tftp.o                    tftp.s(50)
    config.o                  config.s(21)
    vortex.o                  network.s(43)
copy_src (copymem.o):
    c64inputs.o               c64inputs.s(11)
    udp.o                     udp.s(51)
    ip.o                      ip.s(60)
    tftp.o                    tftp.s(49)
    config.o                  config.s(20)
    vortex.o                  ip65/inc/commonprint.i(37)
copymem (copymem.o):
    udp.o                     udp.s(50)
    tftp.o                    tftp.s(48)
    config.o                  config.s(19)
    vortex.o                  network.s(41)
cs_init (rr-net.o):
    cs8900a.o                 cs8900a.s(28)
cs_packet_data (rr-net.o):
    cs8900a.o                 cs8900a.s(30)
cs_packet_page (rr-net.o):
    cs8900a.o                 cs8900a.s(29)
cs_rxtx_data (rr-net.o):
    cs8900a.o                 cs8900a.s(31)
cs_tx_cmd (rr-net.o):
    cs8900a.o                 cs8900a.s(32)
cs_tx_len (rr-net.o):
    cs8900a.o                 cs8900a.s(33)
dhcp_init (dhcp.o):
    vortex.o                  ip65/inc/net.i(11)
dhcp_msg (vortex.o):
dhcp_server (config.o):
    dhcp.o                    dhcp.s(19)
dhcp_state (dhcp.o):
dns_server_msg (vortex.o):
eth_data (eth.o):
    ip.o                      ip.s(42)
eth_dest (eth.o):
    ip.o                      ip.s(39)
eth_driver_io_base (rr-net.o):
    vortex.o                  ip65/inc/commonprint.i(36)
eth_driver_name (rr-net.o):
    vortex.o                  ip65/inc/commonprint.i(35)
eth_init (cs8900a.o):
    ip65.o                    ip65.s(21)
eth_inp (eth.o):
    cs8900a.o                 cs8900a.s(18)
    arp.o                     arp.s(15)
    icmp.o                    icmp.s(52)
    ip.o                      ip.s(34)
    ip65.o                    ip65.s(27)
eth_inp_len (eth.o):
    cs8900a.o                 cs8900a.s(19)
    icmp.o                    icmp.s(53)
    ip.o                      ip.s(35)
eth_outp (eth.o):
    cs8900a.o                 cs8900a.s(20)
    arp.o                     arp.s(17)
    icmp.o                    icmp.s(54)
    ip.o                      ip.s(36)
    ip65.o                    ip65.s(28)
eth_outp_len (eth.o):
    cs8900a.o                 cs8900a.s(21)
    arp.o                     arp.s(18)
    icmp.o                    icmp.s(55)
    ip.o                      ip.s(37)
eth_proto_arp (eth.o):
    arp.o                     arp.s(23)
    ip65.o                    ip65.s(34)
eth_proto_ip (eth.o):
    ip.o                      ip.s(43)
eth_rx (cs8900a.o):
    ip65.o                    ip65.s(29)
eth_set_broadcast_dest (eth.o):
    arp.o                     arp.s(20)
eth_set_my_mac_src (eth.o):
    arp.o                     arp.s(21)
eth_set_proto (eth.o):
    arp.o                     arp.s(22)
    ip.o                      ip.s(33)
eth_src (eth.o):
    ip.o                      ip.s(40)
eth_tx (cs8900a.o):
    arp.o                     arp.s(19)
    icmp.o                    icmp.s(51)
    ip.o                      ip.s(32)
eth_type (eth.o):
failed_msg (vortex.o):
filter_dns (c64inputs.o):
filter_ip (c64inputs.o):
filter_number (c64inputs.o):
filter_text (c64inputs.o):
filter_url (c64inputs.o):
gateway_msg (vortex.o):
get_filtered_input (c64inputs.o):
get_key (c64inputs.o):
get_key_if_available (c64inputs.o):
get_key_ip65 (c64inputs.o):
icmp_add_listener (icmp.o):
icmp_callback (icmp.o):
icmp_cksum (icmp.o):
icmp_code (icmp.o):
icmp_data (icmp.o):
icmp_echo_ip (icmp.o):
icmp_init (icmp.o):
    ip.o                      ip.s(50)
icmp_inp (icmp.o):
icmp_outp (icmp.o):
icmp_ping (icmp.o):
icmp_process (icmp.o):
    ip.o                      ip.s(51)
icmp_remove_listener (icmp.o):
icmp_send_echo (icmp.o):
icmp_type (icmp.o):
init_msg (vortex.o):
ip65_ctr (ip65.o):
ip65_ctr_arp (ip65.o):
ip65_ctr_ip (ip65.o):
ip65_error (ip65.o):
    cs8900a.o                 cs8900a.s(37)
    udp.o                     udp.s(11)
    icmp.o                    icmp.s(33)
    tftp.o                    tftp.s(26)
    dhcp.o                    dhcp.s(22)
    vortex.o                  ip65/inc/commonprint.i(28)
ip65_init (ip65.o):
    vortex.o                  ip65/inc/net.i(1)
ip65_process (ip65.o):
    c64inputs.o               c64inputs.s(13)
    icmp.o                    icmp.s(32)
    tftp.o                    tftp.s(25)
    dhcp.o                    dhcp.s(31)
    vortex.o                  ip65/inc/net.i(2)
ip65_random_word (ip65.o):
ip_address_msg (vortex.o):
ip_broadcast (ip.o):
    icmp.o                    icmp.s(38)
ip_calc_cksum (ip.o):
    udp.o                     udp.s(35)
    icmp.o                    icmp.s(35)
ip_cksum_ptr (ip.o):
    udp.o                     udp.s(40)
    icmp.o                    icmp.s(44)
ip_create_packet (ip.o):
    udp.o                     udp.s(37)
    icmp.o                    icmp.s(40)
ip_data (ip.o):
    udp.o                     udp.s(44)
    icmp.o                    icmp.s(48)
ip_dest (ip.o):
    udp.o                     udp.s(43)
    icmp.o                    icmp.s(47)
ip_frag (ip.o):
ip_header_cksum (ip.o):
    icmp.o                    icmp.s(45)
ip_id (ip.o):
    udp.o                     udp.s(47)
ip_init (ip.o):
    ip65.o                    ip65.s(24)
ip_inp (ip.o):
    udp.o                     udp.s(38)
    icmp.o                    icmp.s(36)
    tftp.o                    tftp.s(36)
ip_len (ip.o):
    udp.o                     udp.s(48)
    icmp.o                    icmp.s(49)
ip_outp (ip.o):
    udp.o                     udp.s(39)
    icmp.o                    icmp.s(37)
ip_process (ip.o):
    ip65.o                    ip65.s(31)
ip_proto (ip.o):
    udp.o                     udp.s(45)
    icmp.o                    icmp.s(41)
ip_proto_icmp (ip.o):
    icmp.o                    icmp.s(42)
ip_proto_tcp (ip.o):
ip_proto_udp (ip.o):
    udp.o                     udp.s(46)
ip_send (ip.o):
    udp.o                     udp.s(36)
    icmp.o                    icmp.s(39)
ip_src (ip.o):
    icmp.o                    icmp.s(46)
    tftp.o                    tftp.s(37)
ip_tos (ip.o):
ip_ttl (ip.o):
ip_ver_ihl (ip.o):
mac_address_msg (vortex.o):
native_to_ascii (petscii_charconv.o):
netmask_msg (vortex.o):
ok_msg (vortex.o):
output_buffer (output_buffer.o):
    tftp.o                    tftp.s(31)
    dhcp.o                    dhcp.s(43)
press_a_key_to_continue (vortex.o):
print (vortex.o):
print_a (c64print.o):
    vortex.o                  ip65/inc/commonprint.i(88)
print_a_inverse (c64print.o):
print_ascii_as_native (vortex.o):
print_cr (c64print.o):
    vortex.o                  ip65/inc/commonprint.i(89)
print_dotted_quad (vortex.o):
print_errorcode (vortex.o):
print_hex (vortex.o):
print_integer (vortex.o):
print_ip_config (vortex.o):
screen_current_col (c64print.o):
screen_current_row (c64print.o):
tftp_callback_vector (tftp.o):
tftp_clear_callbacks (tftp.o):
    vortex.o                  network.s(38)
tftp_data_block_length (tftp.o):
tftp_download (tftp.o):
    vortex.o                  network.s(33)
tftp_filename (tftp.o):
    vortex.o                  network.s(35)
tftp_filesize (tftp.o):
tftp_ip (tftp.o):
    vortex.o                  network.s(36)
tftp_load_address (tftp.o):
    vortex.o                  network.s(34)
tftp_server_msg (vortex.o):
tftp_set_callback_vector (tftp.o):
    vortex.o                  network.s(39)
tftp_upload (tftp.o):
tftp_upload_from_memory (tftp.o):
timer_init (c64timer.o):
    ip65.o                    ip65.s(22)
timer_read (c64timer.o):
    arp.o                     arp.s(30)
    timer.o                   timer.s(13)
    icmp.o                    icmp.s(56)
    tftp.o                    tftp.s(52)
    dhcp.o                    dhcp.s(50)
    ip65.o                    ip65.s(25)
timer_seconds (c64timer.o):
timer_timeout (timer.o):
    arp.o                     arp.s(31)
    icmp.o                    icmp.s(57)
udp_add_listener (udp.o):
    tftp.o                    tftp.s(29)
    dhcp.o                    dhcp.s(33)
    vortex.o                  network.s(25)
udp_callback (udp.o):
    tftp.o                    tftp.s(32)
    dhcp.o                    dhcp.s(36)
    vortex.o                  network.s(26)
udp_cksum (udp.o):
udp_data (udp.o):
    tftp.o                    tftp.s(41)
    dhcp.o                    dhcp.s(41)
    vortex.o                  network.s(29)
udp_dest_port (udp.o):
udp_init (udp.o):
    ip.o                      ip.s(53)
    vortex.o                  network.s(18)
udp_inp (udp.o):
    tftp.o                    tftp.s(35)
    dhcp.o                    dhcp.s(39)
    vortex.o                  network.s(28)
udp_len (udp.o):
udp_outp (udp.o):
udp_process (udp.o):
    ip.o                      ip.s(54)
udp_remove_listener (udp.o):
    tftp.o                    tftp.s(30)
    dhcp.o                    dhcp.s(34)
udp_send (udp.o):
    tftp.o                    tftp.s(33)
    dhcp.o                    dhcp.s(37)
    vortex.o                  network.s(19)
udp_send_dest (udp.o):
    tftp.o                    tftp.s(43)
    dhcp.o                    dhcp.s(45)
    vortex.o                  network.s(20)
udp_send_dest_port (udp.o):
    tftp.o                    tftp.s(45)
    dhcp.o                    dhcp.s(47)
    vortex.o                  network.s(21)
udp_send_len (udp.o):
    tftp.o                    tftp.s(46)
    dhcp.o                    dhcp.s(48)
    vortex.o                  network.s(23)
udp_send_src_port (udp.o):
    tftp.o                    tftp.s(44)
    dhcp.o                    dhcp.s(46)
    vortex.o                  network.s(22)
udp_src_port (udp.o):
    tftp.o                    tftp.s(38)

